mode: atomic
music-streaming/backend/internal/uploader/bucket.go:17.65,21.2 3 9
music-streaming/backend/internal/uploader/bucket.go:24.39,28.2 3 4
music-streaming/backend/internal/uploader/bucket.go:32.72,36.16 2 8
music-streaming/backend/internal/uploader/bucket.go:36.16,38.3 1 5
music-streaming/backend/internal/uploader/bucket.go:39.2,39.27 1 3
music-streaming/backend/internal/uploader/bucket.go:39.27,41.3 1 3
music-streaming/backend/internal/uploader/bucket.go:42.2,42.19 1 0
music-streaming/backend/internal/uploader/bucket.go:46.70,47.18 1 4
music-streaming/backend/internal/uploader/bucket.go:48.22,49.29 1 1
music-streaming/backend/internal/uploader/bucket.go:50.23,51.30 1 3
music-streaming/backend/internal/uploader/bucket.go:52.10,53.67 1 0
music-streaming/backend/internal/uploader/bucket.go:58.73,62.40 2 5
music-streaming/backend/internal/uploader/bucket.go:62.40,64.34 2 3
music-streaming/backend/internal/uploader/bucket.go:64.34,67.4 2 0
music-streaming/backend/internal/uploader/bucket.go:68.3,69.9 2 3
music-streaming/backend/internal/uploader/bucket.go:73.2,74.18 2 2
music-streaming/backend/internal/uploader/bucket.go:75.25,76.36 1 2
music-streaming/backend/internal/uploader/bucket.go:77.10,78.67 1 0
music-streaming/backend/internal/uploader/bucket.go:83.74,85.16 2 1
music-streaming/backend/internal/uploader/bucket.go:85.16,88.3 2 0
music-streaming/backend/internal/uploader/bucket.go:90.2,96.35 3 1
music-streaming/backend/internal/uploader/bucket.go:96.35,98.28 2 2
music-streaming/backend/internal/uploader/bucket.go:98.28,100.4 1 2
music-streaming/backend/internal/uploader/bucket.go:101.3,101.34 1 2
music-streaming/backend/internal/uploader/bucket.go:104.2,105.36 2 1
music-streaming/backend/internal/uploader/bucket.go:110.75,114.62 2 3
music-streaming/backend/internal/uploader/bucket.go:114.62,117.3 2 0
music-streaming/backend/internal/uploader/bucket.go:118.2,118.40 1 3
music-streaming/backend/internal/uploader/bucket.go:118.40,121.3 2 1
music-streaming/backend/internal/uploader/bucket.go:124.2,125.16 2 2
music-streaming/backend/internal/uploader/bucket.go:125.16,128.3 2 0
music-streaming/backend/internal/uploader/bucket.go:129.2,129.12 1 2
music-streaming/backend/internal/uploader/bucket.go:129.12,132.3 2 1
music-streaming/backend/internal/uploader/bucket.go:134.2,136.17 1 1
music-streaming/backend/internal/uploader/bucket.go:136.17,139.3 2 0
music-streaming/backend/internal/uploader/bucket.go:141.2,146.50 3 1
music-streaming/backend/internal/uploader/bucket.go:151.88,152.16 1 2
music-streaming/backend/internal/uploader/bucket.go:152.16,155.3 2 0
music-streaming/backend/internal/uploader/bucket.go:158.2,159.16 2 2
music-streaming/backend/internal/uploader/bucket.go:159.16,162.3 2 0
music-streaming/backend/internal/uploader/bucket.go:163.2,163.13 1 2
music-streaming/backend/internal/uploader/bucket.go:163.13,166.3 2 1
music-streaming/backend/internal/uploader/bucket.go:169.2,172.16 2 1
music-streaming/backend/internal/uploader/bucket.go:172.16,175.3 2 0
music-streaming/backend/internal/uploader/bucket.go:177.2,177.31 1 1
music-streaming/backend/internal/uploader/bucket.go:177.31,179.40 2 1
music-streaming/backend/internal/uploader/bucket.go:179.40,181.4 1 2
music-streaming/backend/internal/uploader/bucket.go:182.3,185.18 1 1
music-streaming/backend/internal/uploader/bucket.go:185.18,188.4 2 0
music-streaming/backend/internal/uploader/bucket.go:191.2,193.17 1 1
music-streaming/backend/internal/uploader/bucket.go:193.17,196.3 2 0
music-streaming/backend/internal/uploader/bucket.go:198.2,198.37 1 1
music-streaming/backend/internal/uploader/bucket.go:204.91,205.19 1 3
music-streaming/backend/internal/uploader/bucket.go:205.19,208.3 2 0
music-streaming/backend/internal/uploader/bucket.go:210.2,213.62 2 3
music-streaming/backend/internal/uploader/bucket.go:213.62,216.3 2 0
music-streaming/backend/internal/uploader/bucket.go:217.2,217.43 1 3
music-streaming/backend/internal/uploader/bucket.go:217.43,220.3 2 1
music-streaming/backend/internal/uploader/bucket.go:221.2,221.29 1 2
music-streaming/backend/internal/uploader/bucket.go:221.29,224.3 2 0
music-streaming/backend/internal/uploader/bucket.go:227.2,228.16 2 2
music-streaming/backend/internal/uploader/bucket.go:228.16,231.3 2 0
music-streaming/backend/internal/uploader/bucket.go:232.2,232.16 1 2
music-streaming/backend/internal/uploader/bucket.go:232.16,235.3 2 0
music-streaming/backend/internal/uploader/bucket.go:238.2,239.16 2 2
music-streaming/backend/internal/uploader/bucket.go:239.16,242.3 2 0
music-streaming/backend/internal/uploader/bucket.go:243.2,243.15 1 2
music-streaming/backend/internal/uploader/bucket.go:243.15,246.3 2 1
music-streaming/backend/internal/uploader/bucket.go:249.2,251.17 1 1
music-streaming/backend/internal/uploader/bucket.go:251.17,254.3 2 0
music-streaming/backend/internal/uploader/bucket.go:257.2,260.16 2 1
music-streaming/backend/internal/uploader/bucket.go:260.16,263.3 2 0
music-streaming/backend/internal/uploader/bucket.go:265.2,265.39 1 1
music-streaming/backend/internal/uploader/bucket.go:265.39,271.18 2 1
music-streaming/backend/internal/uploader/bucket.go:271.18,274.4 2 0
music-streaming/backend/internal/uploader/bucket.go:278.2,278.31 1 1
music-streaming/backend/internal/uploader/bucket.go:278.31,280.40 2 1
music-streaming/backend/internal/uploader/bucket.go:280.40,282.4 1 1
music-streaming/backend/internal/uploader/bucket.go:283.3,286.18 1 1
music-streaming/backend/internal/uploader/bucket.go:286.18,289.4 2 0
music-streaming/backend/internal/uploader/bucket.go:292.2,294.17 1 1
music-streaming/backend/internal/uploader/bucket.go:294.17,297.3 2 0
music-streaming/backend/internal/uploader/bucket.go:299.2,303.53 2 1
music-streaming/backend/internal/uploader/cors.go:9.43,10.71 1 4
music-streaming/backend/internal/uploader/cors.go:10.71,18.37 6 4
music-streaming/backend/internal/uploader/cors.go:18.37,21.4 2 2
music-streaming/backend/internal/uploader/cors.go:23.3,23.23 1 2
music-streaming/backend/internal/uploader/server.go:49.36,57.131 6 0
music-streaming/backend/internal/uploader/server.go:57.131,58.23 1 0
music-streaming/backend/internal/uploader/server.go:58.23,64.4 1 0
music-streaming/backend/internal/uploader/server.go:65.3,65.54 1 0
music-streaming/backend/internal/uploader/server.go:68.2,73.16 2 0
music-streaming/backend/internal/uploader/server.go:73.16,75.3 1 0
music-streaming/backend/internal/uploader/server.go:78.2,78.56 1 0
music-streaming/backend/internal/uploader/server.go:78.56,80.3 1 0
music-streaming/backend/internal/uploader/server.go:82.2,83.16 2 0
music-streaming/backend/internal/uploader/server.go:83.16,85.3 1 0
music-streaming/backend/internal/uploader/server.go:87.2,92.8 1 0
music-streaming/backend/internal/uploader/server.go:96.85,108.16 5 5
music-streaming/backend/internal/uploader/server.go:108.16,110.3 1 0
music-streaming/backend/internal/uploader/server.go:112.2,112.53 1 5
music-streaming/backend/internal/uploader/server.go:117.94,130.16 6 0
music-streaming/backend/internal/uploader/server.go:130.16,132.3 1 0
music-streaming/backend/internal/uploader/server.go:134.2,134.52 1 0
music-streaming/backend/internal/uploader/server.go:138.75,139.45 1 0
music-streaming/backend/internal/uploader/server.go:139.45,141.3 1 0
music-streaming/backend/internal/uploader/server.go:143.2,144.16 2 0
music-streaming/backend/internal/uploader/server.go:144.16,146.3 1 0
music-streaming/backend/internal/uploader/server.go:148.2,149.35 2 0
music-streaming/backend/internal/uploader/server.go:154.57,155.50 1 4
music-streaming/backend/internal/uploader/server.go:155.50,158.40 3 5
music-streaming/backend/internal/uploader/server.go:158.40,160.18 2 2
music-streaming/backend/internal/uploader/server.go:160.18,162.5 1 2
music-streaming/backend/internal/uploader/server.go:165.2,165.11 1 2
music-streaming/backend/internal/uploader/server.go:175.68,180.63 3 0
music-streaming/backend/internal/uploader/server.go:180.63,183.3 2 0
music-streaming/backend/internal/uploader/server.go:186.2,191.27 4 0
music-streaming/backend/internal/uploader/server.go:191.27,193.19 2 0
music-streaming/backend/internal/uploader/server.go:194.23,196.10 2 0
music-streaming/backend/internal/uploader/server.go:197.26,199.10 2 0
music-streaming/backend/internal/uploader/server.go:200.11,202.10 2 0
music-streaming/backend/internal/uploader/server.go:207.2,207.63 1 0
music-streaming/backend/internal/uploader/server.go:207.63,209.19 2 0
music-streaming/backend/internal/uploader/server.go:209.19,212.4 2 0
music-streaming/backend/internal/uploader/server.go:214.3,215.17 2 0
music-streaming/backend/internal/uploader/server.go:215.17,218.4 2 0
music-streaming/backend/internal/uploader/server.go:221.3,223.9 3 0
music-streaming/backend/internal/uploader/server.go:227.2,227.26 1 0
music-streaming/backend/internal/uploader/server.go:227.26,230.17 3 0
music-streaming/backend/internal/uploader/server.go:230.17,233.4 2 0
music-streaming/backend/internal/uploader/server.go:234.3,235.9 2 0
music-streaming/backend/internal/uploader/server.go:239.2,239.30 1 0
music-streaming/backend/internal/uploader/server.go:244.72,246.18 2 3
music-streaming/backend/internal/uploader/server.go:246.18,249.3 2 1
music-streaming/backend/internal/uploader/server.go:251.2,254.16 2 2
music-streaming/backend/internal/uploader/server.go:254.16,255.28 1 1
music-streaming/backend/internal/uploader/server.go:255.28,258.4 2 1
music-streaming/backend/internal/uploader/server.go:259.3,260.9 2 0
music-streaming/backend/internal/uploader/server.go:263.2,272.38 3 1
music-streaming/backend/internal/uploader/server.go:272.38,275.51 2 2
music-streaming/backend/internal/uploader/server.go:275.51,276.12 1 1
music-streaming/backend/internal/uploader/server.go:280.3,285.17 3 1
music-streaming/backend/internal/uploader/server.go:285.17,289.78 2 1
music-streaming/backend/internal/uploader/server.go:289.78,290.72 1 1
music-streaming/backend/internal/uploader/server.go:290.72,292.6 1 1
music-streaming/backend/internal/uploader/server.go:294.4,294.24 1 1
music-streaming/backend/internal/uploader/server.go:297.3,298.30 2 1
music-streaming/backend/internal/uploader/server.go:298.30,300.4 1 0
music-streaming/backend/internal/uploader/server.go:303.3,311.5 2 1
music-streaming/backend/internal/uploader/server.go:314.2,315.57 2 1
music-streaming/backend/internal/uploader/server.go:315.57,317.3 1 0
music-streaming/backend/internal/uploader/server.go:322.95,329.16 3 2
music-streaming/backend/internal/uploader/server.go:329.16,333.77 2 1
music-streaming/backend/internal/uploader/server.go:333.77,334.59 1 1
music-streaming/backend/internal/uploader/server.go:334.59,336.5 1 1
music-streaming/backend/internal/uploader/server.go:338.3,338.23 1 1
music-streaming/backend/internal/uploader/server.go:342.2,346.16 2 2
music-streaming/backend/internal/uploader/server.go:346.16,347.28 1 1
music-streaming/backend/internal/uploader/server.go:347.28,350.4 2 1
music-streaming/backend/internal/uploader/server.go:351.3,352.9 2 0
music-streaming/backend/internal/uploader/server.go:354.2,358.54 3 1
music-streaming/backend/internal/uploader/server.go:358.54,360.3 1 1
music-streaming/backend/internal/uploader/server.go:361.2,363.56 3 1
music-streaming/backend/internal/uploader/server.go:363.56,365.3 1 1
music-streaming/backend/internal/uploader/server.go:367.2,368.22 2 1
music-streaming/backend/internal/uploader/server.go:373.93,379.16 2 2
music-streaming/backend/internal/uploader/server.go:379.16,380.28 1 1
music-streaming/backend/internal/uploader/server.go:380.28,383.4 2 1
music-streaming/backend/internal/uploader/server.go:384.3,385.9 2 0
music-streaming/backend/internal/uploader/server.go:389.2,398.16 2 1
music-streaming/backend/internal/uploader/server.go:398.16,401.3 2 0
music-streaming/backend/internal/uploader/server.go:403.2,403.37 1 1
music-streaming/backend/internal/uploader/server.go:407.39,411.2 3 2
music-streaming/backend/internal/uploader/server.go:414.43,417.2 2 1
